2026-09-12T13:25:34.684436 ERROR: Connection timeout to database
2026-09-12T13:26:04.684436 INFO: Service started
2026-09-12T13:26:34.684436 INFO: Health check OK
2026-09-12T13:27:04.684436 INFO: Health check OK
2026-09-12T13:27:34.684436 ERROR: Connection timeout to database
2026-09-12T13:28:04.684436 INFO: Health check OK
2026-09-12T13:28:34.684436 INFO: Request processed
2026-09-12T13:29:04.684436 INFO: Service started
2026-09-12T13:29:34.684436 WARNING: High response latency
2026-09-12T13:30:04.684436 INFO: Health check OK
2026-09-12T13:30:34.684436 INFO: Request processed
2026-09-12T13:31:04.684436 INFO: Request processed
2026-09-12T13:31:34.684436 INFO: Health check OK
2026-09-12T13:32:04.684436 INFO: Request processed
2026-09-12T13:32:34.684436 ERROR: Connection timeout to database
2026-09-12T13:33:04.684436 ERROR: Connection timeout to database
2026-09-12T13:33:34.684436 INFO: Service started
2026-09-12T13:34:04.684436 ERROR: Connection timeout to database
2026-09-12T13:34:34.684436 INFO: Request processed
2026-09-12T13:35:04.684436 ERROR: Connection timeout to database
2026-09-12T13:35:34.684436 INFO: Health check OK
2026-09-12T13:36:04.684436 ERROR: Connection timeout to database
2026-09-12T13:36:34.684436 INFO: Health check OK
2026-09-12T13:37:04.684436 INFO: Request processed
2026-09-12T13:37:34.684436 WARNING: High response latency
2026-09-12T13:38:04.684436 WARNING: High response latency
2026-09-12T13:38:34.684436 INFO: Service started
2026-09-12T13:39:04.684436 INFO: Health check OK
2026-09-12T13:39:34.684436 INFO: Health check OK
2026-09-12T13:40:04.684436 INFO: Request processed
2026-09-12T13:40:34.684436 INFO: Request processed
2026-09-12T13:41:04.684436 INFO: Request processed
2026-09-12T13:41:34.684436 INFO: Request processed
2026-09-12T13:42:04.684436 ERROR: Connection timeout to database
2026-09-12T13:42:34.684436 INFO: Service started
2026-09-12T13:43:04.684436 ERROR: Connection timeout to database
2026-09-12T13:43:34.684436 INFO: Service started
2026-09-12T13:44:04.684436 INFO: Service started
2026-09-12T13:44:34.684436 WARNING: High response latency
2026-09-12T13:45:04.684436 INFO: Request processed
2026-09-12T13:45:34.684436 INFO: Service started
2026-09-12T13:46:04.684436 INFO: Service started
2026-09-12T13:46:34.684436 INFO: Health check OK
2026-09-12T13:47:04.684436 INFO: Request processed
2026-09-12T13:47:34.684436 INFO: Request processed
2026-09-12T13:48:04.684436 INFO: Health check OK
2026-09-12T13:48:34.684436 INFO: Health check OK
2026-09-12T13:49:04.684436 INFO: Health check OK
2026-09-12T13:49:34.684436 ERROR: Connection timeout to database
2026-09-12T13:50:04.684436 ERROR: Connection timeout to database
